Archive member included because of file (symbol)

/home/user/workspace/7SEG2/SW-TM4C-2.1.2.111/driverlib/gcc/libdriver.a(adc.o)
                              ./src/main1.o (ADCIntStatus)
/home/user/workspace/7SEG2/SW-TM4C-2.1.2.111/driverlib/gcc/libdriver.a(interrupt.o)
                              /home/user/workspace/7SEG2/SW-TM4C-2.1.2.111/driverlib/gcc/libdriver.a(adc.o) (IntRegister)
/home/user/workspace/7SEG2/SW-TM4C-2.1.2.111/driverlib/gcc/libdriver.a(sysctl.o)
                              ./SW-TM4C-2.1.2.111/utils/uartstdio.o (SysCtlPeripheralPresent)
/home/user/workspace/7SEG2/SW-TM4C-2.1.2.111/driverlib/gcc/libdriver.a(timer.o)
                              ./src/main1.o (TimerEnable)
/home/user/workspace/7SEG2/SW-TM4C-2.1.2.111/driverlib/gcc/libdriver.a(uart.o)
                              ./SW-TM4C-2.1.2.111/utils/uartstdio.o (UARTEnable)
/home/user/workspace/7SEG2/SW-TM4C-2.1.2.111/driverlib/gcc/libdriver.a(cpu.o)
                              /home/user/workspace/7SEG2/SW-TM4C-2.1.2.111/driverlib/gcc/libdriver.a(interrupt.o) (CPUcpsid)
/usr/lib/gcc/arm-none-eabi/4.8.2/../../../arm-none-eabi/lib/armv7e-m/softfp/libg.a(lib_a-atexit.o)
                              /usr/lib/gcc/arm-none-eabi/4.8.2/../../../arm-none-eabi/lib/armv7e-m/softfp/crt0.o (atexit)
/usr/lib/gcc/arm-none-eabi/4.8.2/../../../arm-none-eabi/lib/armv7e-m/softfp/libg.a(lib_a-exit.o)
                              /usr/lib/gcc/arm-none-eabi/4.8.2/../../../arm-none-eabi/lib/armv7e-m/softfp/crt0.o (exit)
/usr/lib/gcc/arm-none-eabi/4.8.2/../../../arm-none-eabi/lib/armv7e-m/softfp/libg.a(lib_a-fini.o)
                              /usr/lib/gcc/arm-none-eabi/4.8.2/../../../arm-none-eabi/lib/armv7e-m/softfp/crt0.o (__libc_fini_array)
/usr/lib/gcc/arm-none-eabi/4.8.2/../../../arm-none-eabi/lib/armv7e-m/softfp/libg.a(lib_a-impure.o)
                              /usr/lib/gcc/arm-none-eabi/4.8.2/../../../arm-none-eabi/lib/armv7e-m/softfp/libg.a(lib_a-exit.o) (_global_impure_ptr)
/usr/lib/gcc/arm-none-eabi/4.8.2/../../../arm-none-eabi/lib/armv7e-m/softfp/libg.a(lib_a-init.o)
                              /usr/lib/gcc/arm-none-eabi/4.8.2/../../../arm-none-eabi/lib/armv7e-m/softfp/crt0.o (__libc_init_array)
/usr/lib/gcc/arm-none-eabi/4.8.2/../../../arm-none-eabi/lib/armv7e-m/softfp/libg.a(lib_a-memset.o)
                              /usr/lib/gcc/arm-none-eabi/4.8.2/../../../arm-none-eabi/lib/armv7e-m/softfp/crt0.o (memset)
/usr/lib/gcc/arm-none-eabi/4.8.2/../../../arm-none-eabi/lib/armv7e-m/softfp/libg.a(lib_a-__atexit.o)
                              /usr/lib/gcc/arm-none-eabi/4.8.2/../../../arm-none-eabi/lib/armv7e-m/softfp/libg.a(lib_a-atexit.o) (__register_exitproc)
/usr/lib/gcc/arm-none-eabi/4.8.2/../../../arm-none-eabi/lib/armv7e-m/softfp/libg.a(lib_a-__call_atexit.o)
                              /usr/lib/gcc/arm-none-eabi/4.8.2/../../../arm-none-eabi/lib/armv7e-m/softfp/libg.a(lib_a-exit.o) (__call_exitprocs)

Allocating common symbols
Common symbol       size              file

ulADC0Value         0x4               ./src/main1.o

Discarded input sections

 .text          0x00000000        0x0 /usr/lib/gcc/arm-none-eabi/4.8.2/armv7e-m/softfp/crti.o
 .data          0x00000000        0x0 /usr/lib/gcc/arm-none-eabi/4.8.2/armv7e-m/softfp/crti.o
 .bss           0x00000000        0x0 /usr/lib/gcc/arm-none-eabi/4.8.2/armv7e-m/softfp/crti.o
 .init          0x00000000        0x4 /usr/lib/gcc/arm-none-eabi/4.8.2/armv7e-m/softfp/crti.o
 .fini          0x00000000        0x4 /usr/lib/gcc/arm-none-eabi/4.8.2/armv7e-m/softfp/crti.o
 .ARM.attributes
                0x00000000       0x22 /usr/lib/gcc/arm-none-eabi/4.8.2/armv7e-m/softfp/crti.o
 .text          0x00000000       0xc8 /usr/lib/gcc/arm-none-eabi/4.8.2/armv7e-m/softfp/crtbegin.o
 .data          0x00000000        0x4 /usr/lib/gcc/arm-none-eabi/4.8.2/armv7e-m/softfp/crtbegin.o
 .bss           0x00000000       0x1c /usr/lib/gcc/arm-none-eabi/4.8.2/armv7e-m/softfp/crtbegin.o
 .init_array    0x00000000        0x4 /usr/lib/gcc/arm-none-eabi/4.8.2/armv7e-m/softfp/crtbegin.o
 .fini_array    0x00000000        0x4 /usr/lib/gcc/arm-none-eabi/4.8.2/armv7e-m/softfp/crtbegin.o
 .eh_frame      0x00000000        0x0 /usr/lib/gcc/arm-none-eabi/4.8.2/armv7e-m/softfp/crtbegin.o
 .jcr           0x00000000        0x0 /usr/lib/gcc/arm-none-eabi/4.8.2/armv7e-m/softfp/crtbegin.o
 .tm_clone_table
                0x00000000        0x0 /usr/lib/gcc/arm-none-eabi/4.8.2/armv7e-m/softfp/crtbegin.o
 .comment       0x00000000       0x20 /usr/lib/gcc/arm-none-eabi/4.8.2/armv7e-m/softfp/crtbegin.o
 .ARM.attributes
                0x00000000       0x32 /usr/lib/gcc/arm-none-eabi/4.8.2/armv7e-m/softfp/crtbegin.o
 .text          0x00000000       0x68 /usr/lib/gcc/arm-none-eabi/4.8.2/../../../arm-none-eabi/lib/armv7e-m/softfp/crt0.o
 .data          0x00000000        0x0 /usr/lib/gcc/arm-none-eabi/4.8.2/../../../arm-none-eabi/lib/armv7e-m/softfp/crt0.o
 .bss           0x00000000        0x0 /usr/lib/gcc/arm-none-eabi/4.8.2/../../../arm-none-eabi/lib/armv7e-m/softfp/crt0.o
 .ARM.extab     0x00000000        0x0 /usr/lib/gcc/arm-none-eabi/4.8.2/../../../arm-none-eabi/lib/armv7e-m/softfp/crt0.o
 .ARM.exidx     0x00000000        0x8 /usr/lib/gcc/arm-none-eabi/4.8.2/../../../arm-none-eabi/lib/armv7e-m/softfp/crt0.o
 .ARM.attributes
                0x00000000       0x20 /usr/lib/gcc/arm-none-eabi/4.8.2/../../../arm-none-eabi/lib/armv7e-m/softfp/crt0.o
 .debug_line    0x00000000       0x7e /usr/lib/gcc/arm-none-eabi/4.8.2/../../../arm-none-eabi/lib/armv7e-m/softfp/crt0.o
 .debug_info    0x00000000       0x98 /usr/lib/gcc/arm-none-eabi/4.8.2/../../../arm-none-eabi/lib/armv7e-m/softfp/crt0.o
 .debug_abbrev  0x00000000       0x14 /usr/lib/gcc/arm-none-eabi/4.8.2/../../../arm-none-eabi/lib/armv7e-m/softfp/crt0.o
 .debug_aranges
                0x00000000       0x20 /usr/lib/gcc/arm-none-eabi/4.8.2/../../../arm-none-eabi/lib/armv7e-m/softfp/crt0.o
 .group         0x00000000        0x8 ./src/main1.o
 .group         0x00000000        0x8 ./src/main1.o
 .group         0x00000000        0x8 ./src/main1.o
 .group         0x00000000        0x8 ./src/main1.o
 .group         0x00000000        0x8 ./src/main1.o
 .group         0x00000000        0x8 ./src/main1.o
 .group         0x00000000        0x8 ./src/main1.o
 .group         0x00000000        0x8 ./src/main1.o
 .group         0x00000000        0x8 ./src/main1.o
 .group         0x00000000        0x8 ./src/main1.o
 .group         0x00000000        0x8 ./src/main1.o
 .group         0x00000000        0x8 ./src/main1.o
 .group         0x00000000        0x8 ./src/main1.o
 .group         0x00000000        0x8 ./src/main1.o
 .group         0x00000000        0x8 ./src/main1.o
 .text          0x00000000        0x0 ./src/main1.o
 .data          0x00000000        0x0 ./src/main1.o
 .bss           0x00000000        0x0 ./src/main1.o
 .bss.mV        0x00000000        0x4 ./src/main1.o
 .group         0x00000000        0x8 ./src/startup_gcc.o
 .group         0x00000000        0x8 ./src/startup_gcc.o
 .group         0x00000000        0x8 ./src/startup_gcc.o
 .group         0x00000000        0x8 ./src/startup_gcc.o
 .group         0x00000000        0x8 ./src/startup_gcc.o
 .group         0x00000000        0x8 ./src/startup_gcc.o
 .text          0x00000000        0x0 ./src/startup_gcc.o
 .data          0x00000000        0x0 ./src/startup_gcc.o
 .bss           0x00000000        0x0 ./src/startup_gcc.o
 .debug_macro   0x00000000      0x85c ./src/startup_gcc.o
 .debug_macro   0x00000000       0x16 ./src/startup_gcc.o
 .debug_macro   0x00000000       0x44 ./src/startup_gcc.o
 .debug_macro   0x00000000      0x209 ./src/startup_gcc.o
 .debug_macro   0x00000000       0x67 ./src/startup_gcc.o
 .group         0x00000000        0x8 ./SW-TM4C-2.1.2.111/utils/uartstdio.o
 .group         0x00000000        0x8 ./SW-TM4C-2.1.2.111/utils/uartstdio.o
 .group         0x00000000        0x8 ./SW-TM4C-2.1.2.111/utils/uartstdio.o
 .group         0x00000000        0x8 ./SW-TM4C-2.1.2.111/utils/uartstdio.o
 .group         0x00000000        0x8 ./SW-TM4C-2.1.2.111/utils/uartstdio.o
 .group         0x00000000        0x8 ./SW-TM4C-2.1.2.111/utils/uartstdio.o
 .group         0x00000000        0x8 ./SW-TM4C-2.1.2.111/utils/uartstdio.o
 .group         0x00000000        0x8 ./SW-TM4C-2.1.2.111/utils/uartstdio.o
 .group         0x00000000        0x8 ./SW-TM4C-2.1.2.111/utils/uartstdio.o
 .group         0x00000000        0x8 ./SW-TM4C-2.1.2.111/utils/uartstdio.o
 .group         0x00000000        0x8 ./SW-TM4C-2.1.2.111/utils/uartstdio.o
 .group         0x00000000        0x8 ./SW-TM4C-2.1.2.111/utils/uartstdio.o
 .group         0x00000000        0x8 ./SW-TM4C-2.1.2.111/utils/uartstdio.o
 .group         0x00000000        0x8 ./SW-TM4C-2.1.2.111/utils/uartstdio.o
 .group         0x00000000        0x8 ./SW-TM4C-2.1.2.111/utils/uartstdio.o
 .group         0x00000000        0x8 ./SW-TM4C-2.1.2.111/utils/uartstdio.o
 .text          0x00000000        0x0 ./SW-TM4C-2.1.2.111/utils/uartstdio.o
 .data          0x00000000        0x0 ./SW-TM4C-2.1.2.111/utils/uartstdio.o
 .bss           0x00000000        0x0 ./SW-TM4C-2.1.2.111/utils/uartstdio.o
 .bss.g_ui32Base
                0x00000000        0x4 ./SW-TM4C-2.1.2.111/utils/uartstdio.o
 .rodata        0x00000000       0x28 ./SW-TM4C-2.1.2.111/utils/uartstdio.o
 .rodata.g_pcHex
                0x00000000        0x4 ./SW-TM4C-2.1.2.111/utils/uartstdio.o
 .rodata.g_ui32UARTBase
                0x00000000        0xc ./SW-TM4C-2.1.2.111/utils/uartstdio.o
 .rodata.g_ui32UARTPeriph
                0x00000000        0xc ./SW-TM4C-2.1.2.111/utils/uartstdio.o
 .text.UARTStdioConfig
                0x00000000       0x88 ./SW-TM4C-2.1.2.111/utils/uartstdio.o
 .text.UARTwrite
                0x00000000       0x64 ./SW-TM4C-2.1.2.111/utils/uartstdio.o
 .text.UARTgets
                0x00000000       0xf4 ./SW-TM4C-2.1.2.111/utils/uartstdio.o
 .text.UARTgetc
                0x00000000       0x1c ./SW-TM4C-2.1.2.111/utils/uartstdio.o
 .text.UARTvprintf
                0x00000000      0x3fc ./SW-TM4C-2.1.2.111/utils/uartstdio.o
 .text.UARTprintf
                0x00000000       0x24 ./SW-TM4C-2.1.2.111/utils/uartstdio.o
 .bss.bLastWasCR.4433
                0x00000000        0x1 ./SW-TM4C-2.1.2.111/utils/uartstdio.o
 .debug_info    0x00000000      0x38a ./SW-TM4C-2.1.2.111/utils/uartstdio.o
 .debug_abbrev  0x00000000      0x10e ./SW-TM4C-2.1.2.111/utils/uartstdio.o
 .debug_aranges
                0x00000000       0x48 ./SW-TM4C-2.1.2.111/utils/uartstdio.o
 .debug_ranges  0x00000000       0x38 ./SW-TM4C-2.1.2.111/utils/uartstdio.o
 .debug_macro   0x00000000       0xb8 ./SW-TM4C-2.1.2.111/utils/uartstdio.o
 .debug_macro   0x00000000      0x85c ./SW-TM4C-2.1.2.111/utils/uartstdio.o
 .debug_macro   0x00000000       0x22 ./SW-TM4C-2.1.2.111/utils/uartstdio.o
 .debug_macro   0x00000000       0x16 ./SW-TM4C-2.1.2.111/utils/uartstdio.o
 .debug_macro   0x00000000       0x44 ./SW-TM4C-2.1.2.111/utils/uartstdio.o
 .debug_macro   0x00000000      0x209 ./SW-TM4C-2.1.2.111/utils/uartstdio.o
 .debug_macro   0x00000000       0x58 ./SW-TM4C-2.1.2.111/utils/uartstdio.o
 .debug_macro   0x00000000      0x946 ./SW-TM4C-2.1.2.111/utils/uartstdio.o
 .debug_macro   0x00000000      0x25e ./SW-TM4C-2.1.2.111/utils/uartstdio.o
 .debug_macro   0x00000000       0x67 ./SW-TM4C-2.1.2.111/utils/uartstdio.o
 .debug_macro   0x00000000      0x42a ./SW-TM4C-2.1.2.111/utils/uartstdio.o
 .debug_macro   0x00000000       0x10 ./SW-TM4C-2.1.2.111/utils/uartstdio.o
 .debug_macro   0x00000000       0x10 ./SW-TM4C-2.1.2.111/utils/uartstdio.o
 .debug_macro   0x00000000       0xdc ./SW-TM4C-2.1.2.111/utils/uartstdio.o
 .debug_macro   0x00000000     0x1816 ./SW-TM4C-2.1.2.111/utils/uartstdio.o
 .debug_macro   0x00000000      0xa88 ./SW-TM4C-2.1.2.111/utils/uartstdio.o
 .debug_macro   0x00000000      0x17a ./SW-TM4C-2.1.2.111/utils/uartstdio.o
 .debug_line    0x00000000      0x3c5 ./SW-TM4C-2.1.2.111/utils/uartstdio.o
 .debug_str     0x00000000    0x14462 ./SW-TM4C-2.1.2.111/utils/uartstdio.o
 .comment       0x00000000       0x20 ./SW-TM4C-2.1.2.111/utils/uartstdio.o
 .ARM.attributes
                0x00000000       0x37 ./SW-TM4C-2.1.2.111/utils/uartstdio.o
 .debug_frame   0x00000000       0xd4 ./SW-TM4C-2.1.2.111/utils/uartstdio.o
 .text          0x00000000        0x0 /home/user/workspace/7SEG2/SW-TM4C-2.1.2.111/driverlib/gcc/libdriver.a(adc.o)
 .data          0x00000000        0x0 /home/user/workspace/7SEG2/SW-TM4C-2.1.2.111/driverlib/gcc/libdriver.a(adc.o)
 .bss           0x00000000        0x0 /home/user/workspace/7SEG2/SW-TM4C-2.1.2.111/driverlib/gcc/libdriver.a(adc.o)
 .text._ADCIntNumberGet
                0x00000000       0x58 /home/user/workspace/7SEG2/SW-TM4C-2.1.2.111/driverlib/gcc/libdriver.a(adc.o)
 .text.ADCIntRegister
                0x00000000       0x1a /home/user/workspace/7SEG2/SW-TM4C-2.1.2.111/driverlib/gcc/libdriver.a(adc.o)
 .text.ADCIntUnregister
                0x00000000       0x16 /home/user/workspace/7SEG2/SW-TM4C-2.1.2.111/driverlib/gcc/libdriver.a(adc.o)
 .text.ADCIntDisable
                0x00000000        0xe /home/user/workspace/7SEG2/SW-TM4C-2.1.2.111/driverlib/gcc/libdriver.a(adc.o)
 .text.ADCIntEnable
                0x00000000        0xe /home/user/workspace/7SEG2/SW-TM4C-2.1.2.111/driverlib/gcc/libdriver.a(adc.o)
 .text.ADCSequenceOverflow
                0x00000000        0xa /home/user/workspace/7SEG2/SW-TM4C-2.1.2.111/driverlib/gcc/libdriver.a(adc.o)
 .text.ADCSequenceOverflowClear
                0x00000000        0x8 /home/user/workspace/7SEG2/SW-TM4C-2.1.2.111/driverlib/gcc/libdriver.a(adc.o)
 .text.ADCSequenceUnderflow
                0x00000000        0xa /home/user/workspace/7SEG2/SW-TM4C-2.1.2.111/driverlib/gcc/libdriver.a(adc.o)
 .text.ADCSequenceUnderflowClear
                0x00000000        0x8 /home/user/workspace/7SEG2/SW-TM4C-2.1.2.111/driverlib/gcc/libdriver.a(adc.o)
 .text.ADCSoftwareOversampleConfigure
                0x00000000       0x18 /home/user/workspace/7SEG2/SW-TM4C-2.1.2.111/driverlib/gcc/libdriver.a(adc.o)
 .text.ADCSoftwareOversampleStepConfigure
                0x00000000       0x78 /home/user/workspace/7SEG2/SW-TM4C-2.1.2.111/driverlib/gcc/libdriver.a(adc.o)
 .text.ADCSoftwareOversampleDataGet
                0x00000000       0x30 /home/user/workspace/7SEG2/SW-TM4C-2.1.2.111/driverlib/gcc/libdriver.a(adc.o)
 .text.ADCComparatorConfigure
                0x00000000        0xa /home/user/workspace/7SEG2/SW-TM4C-2.1.2.111/driverlib/gcc/libdriver.a(adc.o)
 .text.ADCComparatorRegionSet
                0x00000000        0xe /home/user/workspace/7SEG2/SW-TM4C-2.1.2.111/driverlib/gcc/libdriver.a(adc.o)
 .text.ADCComparatorReset
                0x00000000       0x1e /home/user/workspace/7SEG2/SW-TM4C-2.1.2.111/driverlib/gcc/libdriver.a(adc.o)
 .text.ADCComparatorIntDisable
                0x00000000       0x10 /home/user/workspace/7SEG2/SW-TM4C-2.1.2.111/driverlib/gcc/libdriver.a(adc.o)
 .text.ADCComparatorIntEnable
                0x00000000       0x10 /home/user/workspace/7SEG2/SW-TM4C-2.1.2.111/driverlib/gcc/libdriver.a(adc.o)
 .text.ADCComparatorIntStatus
                0x00000000        0x4 /home/user/workspace/7SEG2/SW-TM4C-2.1.2.111/driverlib/gcc/libdriver.a(adc.o)
 .text.ADCComparatorIntClear
                0x00000000        0x4 /home/user/workspace/7SEG2/SW-TM4C-2.1.2.111/driverlib/gcc/libdriver.a(adc.o)
 .text.ADCIntDisableEx
                0x00000000        0xa /home/user/workspace/7SEG2/SW-TM4C-2.1.2.111/driverlib/gcc/libdriver.a(adc.o)
 .text.ADCIntEnableEx
                0x00000000        0x8 /home/user/workspace/7SEG2/SW-TM4C-2.1.2.111/driverlib/gcc/libdriver.a(adc.o)
 .text.ADCIntStatusEx
                0x00000000       0x14 /home/user/workspace/7SEG2/SW-TM4C-2.1.2.111/driverlib/gcc/libdriver.a(adc.o)
 .text.ADCIntClearEx
                0x00000000        0x4 /home/user/workspace/7SEG2/SW-TM4C-2.1.2.111/driverlib/gcc/libdriver.a(adc.o)
 .text.ADCReferenceSet
                0x00000000        0xc /home/user/workspace/7SEG2/SW-TM4C-2.1.2.111/driverlib/gcc/libdriver.a(adc.o)
 .text.ADCReferenceGet
                0x00000000        0x8 /home/user/workspace/7SEG2/SW-TM4C-2.1.2.111/driverlib/gcc/libdriver.a(adc.o)
 .text.ADCPhaseDelaySet
                0x00000000        0x4 /home/user/workspace/7SEG2/SW-TM4C-2.1.2.111/driverlib/gcc/libdriver.a(adc.o)
 .text.ADCPhaseDelayGet
                0x00000000        0x4 /home/user/workspace/7SEG2/SW-TM4C-2.1.2.111/driverlib/gcc/libdriver.a(adc.o)
 .text.ADCSequenceDMAEnable
                0x00000000       0x10 /home/user/workspace/7SEG2/SW-TM4C-2.1.2.111/driverlib/gcc/libdriver.a(adc.o)
 .text.ADCSequenceDMADisable
                0x00000000       0x10 /home/user/workspace/7SEG2/SW-TM4C-2.1.2.111/driverlib/gcc/libdriver.a(adc.o)
 .text.ADCBusy  0x00000000        0x8 /home/user/workspace/7SEG2/SW-TM4C-2.1.2.111/driverlib/gcc/libdriver.a(adc.o)
 .text.ADCClockConfigSet
                0x00000000       0x1a /home/user/workspace/7SEG2/SW-TM4C-2.1.2.111/driverlib/gcc/libdriver.a(adc.o)
 .text.ADCClockConfigGet
                0x00000000       0x1c /home/user/workspace/7SEG2/SW-TM4C-2.1.2.111/driverlib/gcc/libdriver.a(adc.o)
 .bss.g_pui8OversampleFactor
                0x00000000        0x3 /home/user/workspace/7SEG2/SW-TM4C-2.1.2.111/driverlib/gcc/libdriver.a(adc.o)
 .text          0x00000000        0x0 /home/user/workspace/7SEG2/SW-TM4C-2.1.2.111/driverlib/gcc/libdriver.a(interrupt.o)
 .data          0x00000000        0x0 /home/user/workspace/7SEG2/SW-TM4C-2.1.2.111/driverlib/gcc/libdriver.a(interrupt.o)
 .bss           0x00000000        0x0 /home/user/workspace/7SEG2/SW-TM4C-2.1.2.111/driverlib/gcc/libdriver.a(interrupt.o)
 .text._IntDefaultHandler
                0x00000000        0x2 /home/user/workspace/7SEG2/SW-TM4C-2.1.2.111/driverlib/gcc/libdriver.a(interrupt.o)
 .text.IntMasterEnable
                0x00000000        0xe /home/user/workspace/7SEG2/SW-TM4C-2.1.2.111/driverlib/gcc/libdriver.a(interrupt.o)
 .text.IntMasterDisable
                0x00000000        0xe /home/user/workspace/7SEG2/SW-TM4C-2.1.2.111/driverlib/gcc/libdriver.a(interrupt.o)
 .text.IntRegister
                0x00000000       0x30 /home/user/workspace/7SEG2/SW-TM4C-2.1.2.111/driverlib/gcc/libdriver.a(interrupt.o)
 .text.IntUnregister
                0x00000000       0x14 /home/user/workspace/7SEG2/SW-TM4C-2.1.2.111/driverlib/gcc/libdriver.a(interrupt.o)
 .text.IntPriorityGroupingSet
                0x00000000       0x1c /home/user/workspace/7SEG2/SW-TM4C-2.1.2.111/driverlib/gcc/libdriver.a(interrupt.o)
 .text.IntPriorityGroupingGet
                0x00000000       0x24 /home/user/workspace/7SEG2/SW-TM4C-2.1.2.111/driverlib/gcc/libdriver.a(interrupt.o)
 .text.IntPrioritySet
                0x00000000       0x28 /home/user/workspace/7SEG2/SW-TM4C-2.1.2.111/driverlib/gcc/libdriver.a(interrupt.o)
 .text.IntPriorityGet
                0x00000000       0x1c /home/user/workspace/7SEG2/SW-TM4C-2.1.2.111/driverlib/gcc/libdriver.a(interrupt.o)
 .text.IntDisable
                0x00000000       0x60 /home/user/workspace/7SEG2/SW-TM4C-2.1.2.111/driverlib/gcc/libdriver.a(interrupt.o)
 .text.IntIsEnabled
                0x00000000       0x64 /home/user/workspace/7SEG2/SW-TM4C-2.1.2.111/driverlib/gcc/libdriver.a(interrupt.o)
 .text.IntPendSet
                0x00000000       0x50 /home/user/workspace/7SEG2/SW-TM4C-2.1.2.111/driverlib/gcc/libdriver.a(interrupt.o)
 .text.IntPendClear
                0x00000000       0x40 /home/user/workspace/7SEG2/SW-TM4C-2.1.2.111/driverlib/gcc/libdriver.a(interrupt.o)
 .text.IntPriorityMaskSet
                0x00000000        0x4 /home/user/workspace/7SEG2/SW-TM4C-2.1.2.111/driverlib/gcc/libdriver.a(interrupt.o)
 .text.IntPriorityMaskGet
                0x00000000        0x4 /home/user/workspace/7SEG2/SW-TM4C-2.1.2.111/driverlib/gcc/libdriver.a(interrupt.o)
 .text.IntTrigger
                0x00000000        0xc /home/user/workspace/7SEG2/SW-TM4C-2.1.2.111/driverlib/gcc/libdriver.a(interrupt.o)
 .rodata.g_pui32Priority
                0x00000000       0x20 /home/user/workspace/7SEG2/SW-TM4C-2.1.2.111/driverlib/gcc/libdriver.a(interrupt.o)
 .rodata.g_pui32Dii16Regs
                0x00000000       0x14 /home/user/workspace/7SEG2/SW-TM4C-2.1.2.111/driverlib/gcc/libdriver.a(interrupt.o)
 .rodata.g_pui32PendRegs
                0x00000000       0x14 /home/user/workspace/7SEG2/SW-TM4C-2.1.2.111/driverlib/gcc/libdriver.a(interrupt.o)
 vtable         0x00000000      0x400 /home/user/workspace/7SEG2/SW-TM4C-2.1.2.111/driverlib/gcc/libdriver.a(interrupt.o)
 .rodata.g_pui32Regs
                0x00000000       0x9c /home/user/workspace/7SEG2/SW-TM4C-2.1.2.111/driverlib/gcc/libdriver.a(interrupt.o)
 .rodata.g_pui32UnpendRegs
                0x00000000       0x14 /home/user/workspace/7SEG2/SW-TM4C-2.1.2.111/driverlib/gcc/libdriver.a(interrupt.o)
 .text          0x00000000        0x0 /home/user/workspace/7SEG2/SW-TM4C-2.1.2.111/driverlib/gcc/libdriver.a(sysctl.o)
 .data          0x00000000        0x0 /home/user/workspace/7SEG2/SW-TM4C-2.1.2.111/driverlib/gcc/libdriver.a(sysctl.o)
 .bss           0x00000000        0x0 /home/user/workspace/7SEG2/SW-TM4C-2.1.2.111/driverlib/gcc/libdriver.a(sysctl.o)
 .text._SysCtlMemTimingGet
                0x00000000       0x24 /home/user/workspace/7SEG2/SW-TM4C-2.1.2.111/driverlib/gcc/libdriver.a(sysctl.o)
 .text.SysCtlSRAMSizeGet
                0x00000000       0x10 /home/user/workspace/7SEG2/SW-TM4C-2.1.2.111/driverlib/gcc/libdriver.a(sysctl.o)
 .text.SysCtlFlashSizeGet
                0x00000000       0x40 /home/user/workspace/7SEG2/SW-TM4C-2.1.2.111/driverlib/gcc/libdriver.a(sysctl.o)
 .text.SysCtlFlashSectorSizeGet
                0x00000000       0x3c /home/user/workspace/7SEG2/SW-TM4C-2.1.2.111/driverlib/gcc/libdriver.a(sysctl.o)
 .text.SysCtlPeripheralPresent
                0x00000000       0x34 /home/user/workspace/7SEG2/SW-TM4C-2.1.2.111/driverlib/gcc/libdriver.a(sysctl.o)
 .text.SysCtlPeripheralReady
                0x00000000       0x34 /home/user/workspace/7SEG2/SW-TM4C-2.1.2.111/driverlib/gcc/libdriver.a(sysctl.o)
 .text.SysCtlPeripheralPowerOn
                0x00000000       0x30 /home/user/workspace/7SEG2/SW-TM4C-2.1.2.111/driverlib/gcc/libdriver.a(sysctl.o)
 .text.SysCtlPeripheralPowerOff
                0x00000000       0x30 /home/user/workspace/7SEG2/SW-TM4C-2.1.2.111/driverlib/gcc/libdriver.a(sysctl.o)
 .text.SysCtlPeripheralReset
                0x00000000       0x48 /home/user/workspace/7SEG2/SW-TM4C-2.1.2.111/driverlib/gcc/libdriver.a(sysctl.o)
 .text.SysCtlPeripheralDisable
                0x00000000       0x30 /home/user/workspace/7SEG2/SW-TM4C-2.1.2.111/driverlib/gcc/libdriver.a(sysctl.o)
 .text.SysCtlPeripheralSleepEnable
                0x00000000       0x30 /home/user/workspace/7SEG2/SW-TM4C-2.1.2.111/driverlib/gcc/libdriver.a(sysctl.o)
 .text.SysCtlPeripheralSleepDisable
                0x00000000       0x30 /home/user/workspace/7SEG2/SW-TM4C-2.1.2.111/driverlib/gcc/libdriver.a(sysctl.o)
 .text.SysCtlPeripheralDeepSleepEnable
                0x00000000       0x30 /home/user/workspace/7SEG2/SW-TM4C-2.1.2.111/driverlib/gcc/libdriver.a(sysctl.o)
 .text.SysCtlPeripheralDeepSleepDisable
                0x00000000       0x30 /home/user/workspace/7SEG2/SW-TM4C-2.1.2.111/driverlib/gcc/libdriver.a(sysctl.o)
 .text.SysCtlPeripheralClockGating
                0x00000000       0x50 /home/user/workspace/7SEG2/SW-TM4C-2.1.2.111/driverlib/gcc/libdriver.a(sysctl.o)
 .text.SysCtlIntRegister
                0x00000000       0x14 /home/user/workspace/7SEG2/SW-TM4C-2.1.2.111/driverlib/gcc/libdriver.a(sysctl.o)
 .text.SysCtlIntUnregister
                0x00000000       0x12 /home/user/workspace/7SEG2/SW-TM4C-2.1.2.111/driverlib/gcc/libdriver.a(sysctl.o)
 .text.SysCtlIntEnable
                0x00000000       0x10 /home/user/workspace/7SEG2/SW-TM4C-2.1.2.111/driverlib/gcc/libdriver.a(sysctl.o)
 .text.SysCtlIntDisable
                0x00000000       0x10 /home/user/workspace/7SEG2/SW-TM4C-2.1.2.111/driverlib/gcc/libdriver.a(sysctl.o)
 .text.SysCtlIntClear
                0x00000000        0xc /home/user/workspace/7SEG2/SW-TM4C-2.1.2.111/driverlib/gcc/libdriver.a(sysctl.o)
 .text.SysCtlIntStatus
                0x00000000       0x18 /home/user/workspace/7SEG2/SW-TM4C-2.1.2.111/driverlib/gcc/libdriver.a(sysctl.o)
 .text.SysCtlLDOSleepSet
                0x00000000        0xc /home/user/workspace/7SEG2/SW-TM4C-2.1.2.111/driverlib/gcc/libdriver.a(sysctl.o)
 .text.SysCtlLDOSleepGet
                0x00000000        0xc /home/user/workspace/7SEG2/SW-TM4C-2.1.2.111/driverlib/gcc/libdriver.a(sysctl.o)
 .text.SysCtlLDODeepSleepSet
                0x00000000        0xc /home/user/workspace/7SEG2/SW-TM4C-2.1.2.111/driverlib/gcc/libdriver.a(sysctl.o)
 .text.SysCtlLDODeepSleepGet
                0x00000000        0xc /home/user/workspace/7SEG2/SW-TM4C-2.1.2.111/driverlib/gcc/libdriver.a(sysctl.o)
 .text.SysCtlSleepPowerSet
                0x00000000        0xc /home/user/workspace/7SEG2/SW-TM4C-2.1.2.111/driverlib/gcc/libdriver.a(sysctl.o)
 .text.SysCtlDeepSleepPowerSet
                0x00000000        0xc /home/user/workspace/7SEG2/SW-TM4C-2.1.2.111/driverlib/gcc/libdriver.a(sysctl.o)
 .text.SysCtlReset
                0x00000000       0x10 /home/user/workspace/7SEG2/SW-TM4C-2.1.2.111/driverlib/gcc/libdriver.a(sysctl.o)
 .text.SysCtlSleep
                0x00000000        0x4 /home/user/workspace/7SEG2/SW-TM4C-2.1.2.111/driverlib/gcc/libdriver.a(sysctl.o)
 .text.SysCtlDeepSleep
                0x00000000       0x20 /home/user/workspace/7SEG2/SW-TM4C-2.1.2.111/driverlib/gcc/libdriver.a(sysctl.o)
 .text.SysCtlResetCauseGet
                0x00000000        0xc /home/user/workspace/7SEG2/SW-TM4C-2.1.2.111/driverlib/gcc/libdriver.a(sysctl.o)
 .text.SysCtlResetCauseClear
                0x00000000       0x10 /home/user/workspace/7SEG2/SW-TM4C-2.1.2.111/driverlib/gcc/libdriver.a(sysctl.o)
 .text.SysCtlMOSCConfigSet
                0x00000000        0xc /home/user/workspace/7SEG2/SW-TM4C-2.1.2.111/driverlib/gcc/libdriver.a(sysctl.o)
 .text.SysCtlPIOSCCalibrate
                0x00000000       0x54 /home/user/workspace/7SEG2/SW-TM4C-2.1.2.111/driverlib/gcc/libdriver.a(sysctl.o)
 .text.SysCtlResetBehaviorSet
                0x00000000        0xc /home/user/workspace/7SEG2/SW-TM4C-2.1.2.111/driverlib/gcc/libdriver.a(sysctl.o)
 .text.SysCtlResetBehaviorGet
                0x00000000        0xc /home/user/workspace/7SEG2/SW-TM4C-2.1.2.111/driverlib/gcc/libdriver.a(sysctl.o)
 .text.SysCtlClockFreqSet
                0x00000000      0x264 /home/user/workspace/7SEG2/SW-TM4C-2.1.2.111/driverlib/gcc/libdriver.a(sysctl.o)
 .text.SysCtlDeepSleepClockSet
                0x00000000        0xc /home/user/workspace/7SEG2/SW-TM4C-2.1.2.111/driverlib/gcc/libdriver.a(sysctl.o)
 .text.SysCtlDeepSleepClockConfigSet
                0x00000000       0x68 /home/user/workspace/7SEG2/SW-TM4C-2.1.2.111/driverlib/gcc/libdriver.a(sysctl.o)
 .text.SysCtlPWMClockSet
                0x00000000       0x14 /home/user/workspace/7SEG2/SW-TM4C-2.1.2.111/driverlib/gcc/libdriver.a(sysctl.o)
 .text.SysCtlPWMClockGet
                0x00000000       0x18 /home/user/workspace/7SEG2/SW-TM4C-2.1.2.111/driverlib/gcc/libdriver.a(sysctl.o)
 .text.SysCtlGPIOAHBEnable
                0x00000000       0x1c /home/user/workspace/7SEG2/SW-TM4C-2.1.2.111/driverlib/gcc/libdriver.a(sysctl.o)
 .text.SysCtlGPIOAHBDisable
                0x00000000       0x1c /home/user/workspace/7SEG2/SW-TM4C-2.1.2.111/driverlib/gcc/libdriver.a(sysctl.o)
 .text.SysCtlUSBPLLEnable
                0x00000000       0x10 /home/user/workspace/7SEG2/SW-TM4C-2.1.2.111/driverlib/gcc/libdriver.a(sysctl.o)
 .text.SysCtlUSBPLLDisable
                0x00000000       0x10 /home/user/workspace/7SEG2/SW-TM4C-2.1.2.111/driverlib/gcc/libdriver.a(sysctl.o)
 .text.SysCtlVoltageEventConfig
                0x00000000        0xc /home/user/workspace/7SEG2/SW-TM4C-2.1.2.111/driverlib/gcc/libdriver.a(sysctl.o)
 .text.SysCtlVoltageEventStatus
                0x00000000        0xc /home/user/workspace/7SEG2/SW-TM4C-2.1.2.111/driverlib/gcc/libdriver.a(sysctl.o)
 .text.SysCtlVoltageEventClear
                0x00000000       0x10 /home/user/workspace/7SEG2/SW-TM4C-2.1.2.111/driverlib/gcc/libdriver.a(sysctl.o)
 .text.SysCtlNMIStatus
                0x00000000        0xc /home/user/workspace/7SEG2/SW-TM4C-2.1.2.111/driverlib/gcc/libdriver.a(sysctl.o)
 .text.SysCtlNMIClear
                0x00000000       0x10 /home/user/workspace/7SEG2/SW-TM4C-2.1.2.111/driverlib/gcc/libdriver.a(sysctl.o)
 .text.SysCtlClockOutConfig
                0x00000000       0x14 /home/user/workspace/7SEG2/SW-TM4C-2.1.2.111/driverlib/gcc/libdriver.a(sysctl.o)
 .text.SysCtlAltClkConfig
                0x00000000        0xc /home/user/workspace/7SEG2/SW-TM4C-2.1.2.111/driverlib/gcc/libdriver.a(sysctl.o)
 .rodata.g_pppui32XTALtoVCO
                0x00000000      0x120 /home/user/workspace/7SEG2/SW-TM4C-2.1.2.111/driverlib/gcc/libdriver.a(sysctl.o)
 .rodata.g_pui32VCOFrequencies
                0x00000000        0x8 /home/user/workspace/7SEG2/SW-TM4C-2.1.2.111/driverlib/gcc/libdriver.a(sysctl.o)
 .rodata.g_sXTALtoMEMTIM
                0x00000000       0x30 /home/user/workspace/7SEG2/SW-TM4C-2.1.2.111/driverlib/gcc/libdriver.a(sysctl.o)
 .text          0x00000000        0x0 /home/user/workspace/7SEG2/SW-TM4C-2.1.2.111/driverlib/gcc/libdriver.a(timer.o)
 .data          0x00000000        0x0 /home/user/workspace/7SEG2/SW-TM4C-2.1.2.111/driverlib/gcc/libdriver.a(timer.o)
 .bss           0x00000000        0x0 /home/user/workspace/7SEG2/SW-TM4C-2.1.2.111/driverlib/gcc/libdriver.a(timer.o)
 .text._TimerIntNumberGet
                0x00000000       0x54 /home/user/workspace/7SEG2/SW-TM4C-2.1.2.111/driverlib/gcc/libdriver.a(timer.o)
 .text.TimerDisable
                0x00000000       0x12 /home/user/workspace/7SEG2/SW-TM4C-2.1.2.111/driverlib/gcc/libdriver.a(timer.o)
 .text.TimerControlLevel
                0x00000000       0x20 /home/user/workspace/7SEG2/SW-TM4C-2.1.2.111/driverlib/gcc/libdriver.a(timer.o)
 .text.TimerControlTrigger
                0x00000000       0x5c /home/user/workspace/7SEG2/SW-TM4C-2.1.2.111/driverlib/gcc/libdriver.a(timer.o)
 .text.TimerControlEvent
                0x00000000       0x18 /home/user/workspace/7SEG2/SW-TM4C-2.1.2.111/driverlib/gcc/libdriver.a(timer.o)
 .text.TimerControlStall
                0x00000000       0x20 /home/user/workspace/7SEG2/SW-TM4C-2.1.2.111/driverlib/gcc/libdriver.a(timer.o)
 .text.TimerControlWaitOnTrigger
                0x00000000       0x34 /home/user/workspace/7SEG2/SW-TM4C-2.1.2.111/driverlib/gcc/libdriver.a(timer.o)
 .text.TimerRTCEnable
                0x00000000        0xa /home/user/workspace/7SEG2/SW-TM4C-2.1.2.111/driverlib/gcc/libdriver.a(timer.o)
 .text.TimerRTCDisable
                0x00000000        0xa /home/user/workspace/7SEG2/SW-TM4C-2.1.2.111/driverlib/gcc/libdriver.a(timer.o)
 .text.TimerClockSourceSet
                0x00000000        0x6 /home/user/workspace/7SEG2/SW-TM4C-2.1.2.111/driverlib/gcc/libdriver.a(timer.o)
 .text.TimerClockSourceGet
                0x00000000        0x6 /home/user/workspace/7SEG2/SW-TM4C-2.1.2.111/driverlib/gcc/libdriver.a(timer.o)
 .text.TimerPrescaleSet
                0x00000000       0x12 /home/user/workspace/7SEG2/SW-TM4C-2.1.2.111/driverlib/gcc/libdriver.a(timer.o)
 .text.TimerPrescaleGet
                0x00000000        0xa /home/user/workspace/7SEG2/SW-TM4C-2.1.2.111/driverlib/gcc/libdriver.a(timer.o)
 .text.TimerPrescaleMatchSet
                0x00000000       0x12 /home/user/workspace/7SEG2/SW-TM4C-2.1.2.111/driverlib/gcc/libdriver.a(timer.o)
 .text.TimerPrescaleMatchGet
                0x00000000        0xa /home/user/workspace/7SEG2/SW-TM4C-2.1.2.111/driverlib/gcc/libdriver.a(timer.o)
 .text.TimerLoadGet
                0x00000000        0xa /home/user/workspace/7SEG2/SW-TM4C-2.1.2.111/driverlib/gcc/libdriver.a(timer.o)
 .text.TimerLoadSet64
                0x00000000        0x6 /home/user/workspace/7SEG2/SW-TM4C-2.1.2.111/driverlib/gcc/libdriver.a(timer.o)
 .text.TimerLoadGet64
                0x00000000       0x14 /home/user/workspace/7SEG2/SW-TM4C-2.1.2.111/driverlib/gcc/libdriver.a(timer.o)
 .text.TimerValueGet
                0x00000000        0xa /home/user/workspace/7SEG2/SW-TM4C-2.1.2.111/driverlib/gcc/libdriver.a(timer.o)
 .text.TimerValueGet64
                0x00000000       0x14 /home/user/workspace/7SEG2/SW-TM4C-2.1.2.111/driverlib/gcc/libdriver.a(timer.o)
 .text.TimerMatchSet
                0x00000000       0x12 /home/user/workspace/7SEG2/SW-TM4C-2.1.2.111/driverlib/gcc/libdriver.a(timer.o)
 .text.TimerMatchGet
                0x00000000        0xa /home/user/workspace/7SEG2/SW-TM4C-2.1.2.111/driverlib/gcc/libdriver.a(timer.o)
 .text.TimerMatchSet64
                0x00000000        0x6 /home/user/workspace/7SEG2/SW-TM4C-2.1.2.111/driverlib/gcc/libdriver.a(timer.o)
 .text.TimerMatchGet64
                0x00000000       0x14 /home/user/workspace/7SEG2/SW-TM4C-2.1.2.111/driverlib/gcc/libdriver.a(timer.o)
 .text.TimerIntRegister
                0x00000000       0x1a /home/user/workspace/7SEG2/SW-TM4C-2.1.2.111/driverlib/gcc/libdriver.a(timer.o)
 .text.TimerIntUnregister
                0x00000000       0x16 /home/user/workspace/7SEG2/SW-TM4C-2.1.2.111/driverlib/gcc/libdriver.a(timer.o)
 .text.TimerIntDisable
                0x00000000        0xa /home/user/workspace/7SEG2/SW-TM4C-2.1.2.111/driverlib/gcc/libdriver.a(timer.o)
 .text.TimerIntStatus
                0x00000000        0xa /home/user/workspace/7SEG2/SW-TM4C-2.1.2.111/driverlib/gcc/libdriver.a(timer.o)
 .text.TimerSynchronize
                0x00000000        0x4 /home/user/workspace/7SEG2/SW-TM4C-2.1.2.111/driverlib/gcc/libdriver.a(timer.o)
 .text.TimerADCEventSet
                0x00000000        0x4 /home/user/workspace/7SEG2/SW-TM4C-2.1.2.111/driverlib/gcc/libdriver.a(timer.o)
 .text.TimerADCEventGet
                0x00000000        0x4 /home/user/workspace/7SEG2/SW-TM4C-2.1.2.111/driverlib/gcc/libdriver.a(timer.o)
 .text.TimerDMAEventSet
                0x00000000        0x4 /home/user/workspace/7SEG2/SW-TM4C-2.1.2.111/driverlib/gcc/libdriver.a(timer.o)
 .text.TimerDMAEventGet
                0x00000000        0x4 /home/user/workspace/7SEG2/SW-TM4C-2.1.2.111/driverlib/gcc/libdriver.a(timer.o)
 .text.TimerUpdateMode
                0x00000000       0x2a /home/user/workspace/7SEG2/SW-TM4C-2.1.2.111/driverlib/gcc/libdriver.a(timer.o)
 .rodata.g_ppui32TimerIntMapSnowflake
                0x00000000       0x40 /home/user/workspace/7SEG2/SW-TM4C-2.1.2.111/driverlib/gcc/libdriver.a(timer.o)
 .rodata.g_ppui32TimerIntMap
                0x00000000       0x60 /home/user/workspace/7SEG2/SW-TM4C-2.1.2.111/driverlib/gcc/libdriver.a(timer.o)
 .text          0x00000000        0x0 /home/user/workspace/7SEG2/SW-TM4C-2.1.2.111/driverlib/gcc/libdriver.a(uart.o)
 .data          0x00000000        0x0 /home/user/workspace/7SEG2/SW-TM4C-2.1.2.111/driverlib/gcc/libdriver.a(uart.o)
 .bss           0x00000000        0x0 /home/user/workspace/7SEG2/SW-TM4C-2.1.2.111/driverlib/gcc/libdriver.a(uart.o)
 .text._UARTIntNumberGet
                0x00000000       0x48 /home/user/workspace/7SEG2/SW-TM4C-2.1.2.111/driverlib/gcc/libdriver.a(uart.o)
 .text.UARTParityModeSet
                0x00000000        0xc /home/user/workspace/7SEG2/SW-TM4C-2.1.2.111/driverlib/gcc/libdriver.a(uart.o)
 .text.UARTParityModeGet
                0x00000000        0x8 /home/user/workspace/7SEG2/SW-TM4C-2.1.2.111/driverlib/gcc/libdriver.a(uart.o)
 .text.UARTFIFOLevelSet
                0x00000000        0x6 /home/user/workspace/7SEG2/SW-TM4C-2.1.2.111/driverlib/gcc/libdriver.a(uart.o)
 .text.UARTFIFOLevelGet
                0x00000000       0x10 /home/user/workspace/7SEG2/SW-TM4C-2.1.2.111/driverlib/gcc/libdriver.a(uart.o)
 .text.UARTConfigGetExpClk
                0x00000000       0x28 /home/user/workspace/7SEG2/SW-TM4C-2.1.2.111/driverlib/gcc/libdriver.a(uart.o)
 .text.UARTEnable
                0x00000000       0x16 /home/user/workspace/7SEG2/SW-TM4C-2.1.2.111/driverlib/gcc/libdriver.a(uart.o)
 .text.UARTDisable
                0x00000000       0x1e /home/user/workspace/7SEG2/SW-TM4C-2.1.2.111/driverlib/gcc/libdriver.a(uart.o)
 .text.UARTConfigSetExpClk
                0x00000000       0x4e /home/user/workspace/7SEG2/SW-TM4C-2.1.2.111/driverlib/gcc/libdriver.a(uart.o)
 .text.UARTFIFOEnable
                0x00000000        0xa /home/user/workspace/7SEG2/SW-TM4C-2.1.2.111/driverlib/gcc/libdriver.a(uart.o)
 .text.UARTFIFODisable
                0x00000000        0xa /home/user/workspace/7SEG2/SW-TM4C-2.1.2.111/driverlib/gcc/libdriver.a(uart.o)
 .text.UARTEnableSIR
                0x00000000       0x14 /home/user/workspace/7SEG2/SW-TM4C-2.1.2.111/driverlib/gcc/libdriver.a(uart.o)
 .text.UARTDisableSIR
                0x00000000        0xa /home/user/workspace/7SEG2/SW-TM4C-2.1.2.111/driverlib/gcc/libdriver.a(uart.o)
 .text.UARTSmartCardEnable
                0x00000000       0x16 /home/user/workspace/7SEG2/SW-TM4C-2.1.2.111/driverlib/gcc/libdriver.a(uart.o)
 .text.UARTSmartCardDisable
                0x00000000        0xa /home/user/workspace/7SEG2/SW-TM4C-2.1.2.111/driverlib/gcc/libdriver.a(uart.o)
 .text.UARTModemControlSet
                0x00000000        0xc /home/user/workspace/7SEG2/SW-TM4C-2.1.2.111/driverlib/gcc/libdriver.a(uart.o)
 .text.UARTModemControlClear
                0x00000000        0xe /home/user/workspace/7SEG2/SW-TM4C-2.1.2.111/driverlib/gcc/libdriver.a(uart.o)
 .text.UARTModemControlGet
                0x00000000        0x8 /home/user/workspace/7SEG2/SW-TM4C-2.1.2.111/driverlib/gcc/libdriver.a(uart.o)
 .text.UARTModemStatusGet
                0x00000000        0xc /home/user/workspace/7SEG2/SW-TM4C-2.1.2.111/driverlib/gcc/libdriver.a(uart.o)
 .text.UARTFlowControlSet
                0x00000000        0xc /home/user/workspace/7SEG2/SW-TM4C-2.1.2.111/driverlib/gcc/libdriver.a(uart.o)
 .text.UARTFlowControlGet
                0x00000000        0x8 /home/user/workspace/7SEG2/SW-TM4C-2.1.2.111/driverlib/gcc/libdriver.a(uart.o)
 .text.UARTTxIntModeSet
                0x00000000        0xc /home/user/workspace/7SEG2/SW-TM4C-2.1.2.111/driverlib/gcc/libdriver.a(uart.o)
 .text.UARTTxIntModeGet
                0x00000000        0x8 /home/user/workspace/7SEG2/SW-TM4C-2.1.2.111/driverlib/gcc/libdriver.a(uart.o)
 .text.UARTCharsAvail
                0x00000000       0x10 /home/user/workspace/7SEG2/SW-TM4C-2.1.2.111/driverlib/gcc/libdriver.a(uart.o)
 .text.UARTSpaceAvail
                0x00000000       0x10 /home/user/workspace/7SEG2/SW-TM4C-2.1.2.111/driverlib/gcc/libdriver.a(uart.o)
 .text.UARTCharGetNonBlocking
                0x00000000       0x10 /home/user/workspace/7SEG2/SW-TM4C-2.1.2.111/driverlib/gcc/libdriver.a(uart.o)
 .text.UARTCharGet
                0x00000000        0xc /home/user/workspace/7SEG2/SW-TM4C-2.1.2.111/driverlib/gcc/libdriver.a(uart.o)
 .text.UARTCharPutNonBlocking
                0x00000000       0x12 /home/user/workspace/7SEG2/SW-TM4C-2.1.2.111/driverlib/gcc/libdriver.a(uart.o)
 .text.UARTCharPut
                0x00000000        0xc /home/user/workspace/7SEG2/SW-TM4C-2.1.2.111/driverlib/gcc/libdriver.a(uart.o)
 .text.UARTBreakCtl
                0x00000000       0x18 /home/user/workspace/7SEG2/SW-TM4C-2.1.2.111/driverlib/gcc/libdriver.a(uart.o)
 .text.UARTBusy
                0x00000000        0x8 /home/user/workspace/7SEG2/SW-TM4C-2.1.2.111/driverlib/gcc/libdriver.a(uart.o)
 .text.UARTIntRegister
                0x00000000       0x1a /home/user/workspace/7SEG2/SW-TM4C-2.1.2.111/driverlib/gcc/libdriver.a(uart.o)
 .text.UARTIntUnregister
                0x00000000       0x16 /home/user/workspace/7SEG2/SW-TM4C-2.1.2.111/driverlib/gcc/libdriver.a(uart.o)
 .text.UARTIntEnable
                0x00000000        0x8 /home/user/workspace/7SEG2/SW-TM4C-2.1.2.111/driverlib/gcc/libdriver.a(uart.o)
 .text.UARTIntDisable
                0x00000000        0xa /home/user/workspace/7SEG2/SW-TM4C-2.1.2.111/driverlib/gcc/libdriver.a(uart.o)
 .text.UARTIntStatus
                0x00000000        0xa /home/user/workspace/7SEG2/SW-TM4C-2.1.2.111/driverlib/gcc/libdriver.a(uart.o)
 .text.UARTIntClear
                0x00000000        0x4 /home/user/workspace/7SEG2/SW-TM4C-2.1.2.111/driverlib/gcc/libdriver.a(uart.o)
 .text.UARTDMAEnable
                0x00000000        0x8 /home/user/workspace/7SEG2/SW-TM4C-2.1.2.111/driverlib/gcc/libdriver.a(uart.o)
 .text.UARTDMADisable
                0x00000000        0xa /home/user/workspace/7SEG2/SW-TM4C-2.1.2.111/driverlib/gcc/libdriver.a(uart.o)
 .text.UARTRxErrorGet
                0x00000000        0x8 /home/user/workspace/7SEG2/SW-TM4C-2.1.2.111/driverlib/gcc/libdriver.a(uart.o)
 .text.UARTRxErrorClear
                0x00000000        0x6 /home/user/workspace/7SEG2/SW-TM4C-2.1.2.111/driverlib/gcc/libdriver.a(uart.o)
 .text.UARTClockSourceSet
                0x00000000        0x6 /home/user/workspace/7SEG2/SW-TM4C-2.1.2.111/driverlib/gcc/libdriver.a(uart.o)
 .text.UARTClockSourceGet
                0x00000000        0x6 /home/user/workspace/7SEG2/SW-TM4C-2.1.2.111/driverlib/gcc/libdriver.a(uart.o)
 .text.UART9BitEnable
                0x00000000        0xe /home/user/workspace/7SEG2/SW-TM4C-2.1.2.111/driverlib/gcc/libdriver.a(uart.o)
 .text.UART9BitDisable
                0x00000000        0xe /home/user/workspace/7SEG2/SW-TM4C-2.1.2.111/driverlib/gcc/libdriver.a(uart.o)
 .text.UART9BitAddrSet
                0x00000000        0xa /home/user/workspace/7SEG2/SW-TM4C-2.1.2.111/driverlib/gcc/libdriver.a(uart.o)
 .text.UART9BitAddrSend
                0x00000000       0x2c /home/user/workspace/7SEG2/SW-TM4C-2.1.2.111/driverlib/gcc/libdriver.a(uart.o)
 .text.UARTLoopbackEnable
                0x00000000        0xa /home/user/workspace/7SEG2/SW-TM4C-2.1.2.111/driverlib/gcc/libdriver.a(uart.o)
 .rodata.g_ppui32UARTIntMap
                0x00000000       0x40 /home/user/workspace/7SEG2/SW-TM4C-2.1.2.111/driverlib/gcc/libdriver.a(uart.o)
 .rodata.g_ppui32UARTIntMapSnowflake
                0x00000000       0x40 /home/user/workspace/7SEG2/SW-TM4C-2.1.2.111/driverlib/gcc/libdriver.a(uart.o)
 .comment       0x00000000       0x2c /home/user/workspace/7SEG2/SW-TM4C-2.1.2.111/driverlib/gcc/libdriver.a(uart.o)
 .ARM.attributes
                0x00000000       0x37 /home/user/workspace/7SEG2/SW-TM4C-2.1.2.111/driverlib/gcc/libdriver.a(uart.o)
 .text          0x00000000        0x0 /home/user/workspace/7SEG2/SW-TM4C-2.1.2.111/driverlib/gcc/libdriver.a(cpu.o)
 .data          0x00000000        0x0 /home/user/workspace/7SEG2/SW-TM4C-2.1.2.111/driverlib/gcc/libdriver.a(cpu.o)
 .bss           0x00000000        0x0 /home/user/workspace/7SEG2/SW-TM4C-2.1.2.111/driverlib/gcc/libdriver.a(cpu.o)
 .text.CPUcpsid
                0x00000000        0x8 /home/user/workspace/7SEG2/SW-TM4C-2.1.2.111/driverlib/gcc/libdriver.a(cpu.o)
 .text.CPUprimask
                0x00000000        0x6 /home/user/workspace/7SEG2/SW-TM4C-2.1.2.111/driverlib/gcc/libdriver.a(cpu.o)
 .text.CPUcpsie
                0x00000000        0x8 /home/user/workspace/7SEG2/SW-TM4C-2.1.2.111/driverlib/gcc/libdriver.a(cpu.o)
 .text.CPUwfi   0x00000000        0x4 /home/user/workspace/7SEG2/SW-TM4C-2.1.2.111/driverlib/gcc/libdriver.a(cpu.o)
 .text.CPUbasepriSet
                0x00000000        0x6 /home/user/workspace/7SEG2/SW-TM4C-2.1.2.111/driverlib/gcc/libdriver.a(cpu.o)
 .text.CPUbasepriGet
                0x00000000        0x6 /home/user/workspace/7SEG2/SW-TM4C-2.1.2.111/driverlib/gcc/libdriver.a(cpu.o)
 .comment       0x00000000       0x2c /home/user/workspace/7SEG2/SW-TM4C-2.1.2.111/driverlib/gcc/libdriver.a(cpu.o)
 .ARM.attributes
                0x00000000       0x37 /home/user/workspace/7SEG2/SW-TM4C-2.1.2.111/driverlib/gcc/libdriver.a(cpu.o)
 .text          0x00000000        0x0 /usr/lib/gcc/arm-none-eabi/4.8.2/../../../arm-none-eabi/lib/armv7e-m/softfp/libg.a(lib_a-atexit.o)
 .data          0x00000000        0x0 /usr/lib/gcc/arm-none-eabi/4.8.2/../../../arm-none-eabi/lib/armv7e-m/softfp/libg.a(lib_a-atexit.o)
 .bss           0x00000000        0x0 /usr/lib/gcc/arm-none-eabi/4.8.2/../../../arm-none-eabi/lib/armv7e-m/softfp/libg.a(lib_a-atexit.o)
 .text.atexit   0x00000000        0xc /usr/lib/gcc/arm-none-eabi/4.8.2/../../../arm-none-eabi/lib/armv7e-m/softfp/libg.a(lib_a-atexit.o)
 .debug_info    0x00000000      0x10a /usr/lib/gcc/arm-none-eabi/4.8.2/../../../arm-none-eabi/lib/armv7e-m/softfp/libg.a(lib_a-atexit.o)
 .debug_abbrev  0x00000000       0xb8 /usr/lib/gcc/arm-none-eabi/4.8.2/../../../arm-none-eabi/lib/armv7e-m/softfp/libg.a(lib_a-atexit.o)
 .debug_loc     0x00000000       0x2c /usr/lib/gcc/arm-none-eabi/4.8.2/../../../arm-none-eabi/lib/armv7e-m/softfp/libg.a(lib_a-atexit.o)
 .debug_aranges
                0x00000000       0x20 /usr/lib/gcc/arm-none-eabi/4.8.2/../../../arm-none-eabi/lib/armv7e-m/softfp/libg.a(lib_a-atexit.o)
 .debug_ranges  0x00000000       0x10 /usr/lib/gcc/arm-none-eabi/4.8.2/../../../arm-none-eabi/lib/armv7e-m/softfp/libg.a(lib_a-atexit.o)
 .debug_line    0x00000000       0xa9 /usr/lib/gcc/arm-none-eabi/4.8.2/../../../arm-none-eabi/lib/armv7e-m/softfp/libg.a(lib_a-atexit.o)
 .debug_str     0x00000000      0x230 /usr/lib/gcc/arm-none-eabi/4.8.2/../../../arm-none-eabi/lib/armv7e-m/softfp/libg.a(lib_a-atexit.o)
 .comment       0x00000000       0x20 /usr/lib/gcc/arm-none-eabi/4.8.2/../../../arm-none-eabi/lib/armv7e-m/softfp/libg.a(lib_a-atexit.o)
 .ARM.attributes
                0x00000000       0x32 /usr/lib/gcc/arm-none-eabi/4.8.2/../../../arm-none-eabi/lib/armv7e-m/softfp/libg.a(lib_a-atexit.o)
 .debug_frame   0x00000000       0x20 /usr/lib/gcc/arm-none-eabi/4.8.2/../../../arm-none-eabi/lib/armv7e-m/softfp/libg.a(lib_a-atexit.o)
 .text          0x00000000        0x0 /usr/lib/gcc/arm-none-eabi/4.8.2/../../../arm-none-eabi/lib/armv7e-m/softfp/libg.a(lib_a-exit.o)
 .data          0x00000000        0x0 /usr/lib/gcc/arm-none-eabi/4.8.2/../../../arm-none-eabi/lib/armv7e-m/softfp/libg.a(lib_a-exit.o)
 .bss           0x00000000        0x0 /usr/lib/gcc/arm-none-eabi/4.8.2/../../../arm-none-eabi/lib/armv7e-m/softfp/libg.a(lib_a-exit.o)
 .text.exit     0x00000000       0x20 /usr/lib/gcc/arm-none-eabi/4.8.2/../../../arm-none-eabi/lib/armv7e-m/softfp/libg.a(lib_a-exit.o)
 .debug_info    0x00000000      0x8e4 /usr/lib/gcc/arm-none-eabi/4.8.2/../../../arm-none-eabi/lib/armv7e-m/softfp/libg.a(lib_a-exit.o)
 .debug_abbrev  0x00000000      0x1e6 /usr/lib/gcc/arm-none-eabi/4.8.2/../../../arm-none-eabi/lib/armv7e-m/softfp/libg.a(lib_a-exit.o)
 .debug_loc     0x00000000       0x1e /usr/lib/gcc/arm-none-eabi/4.8.2/../../../arm-none-eabi/lib/armv7e-m/softfp/libg.a(lib_a-exit.o)
 .debug_aranges
                0x00000000       0x20 /usr/lib/gcc/arm-none-eabi/4.8.2/../../../arm-none-eabi/lib/armv7e-m/softfp/libg.a(lib_a-exit.o)
 .debug_ranges  0x00000000       0x10 /usr/lib/gcc/arm-none-eabi/4.8.2/../../../arm-none-eabi/lib/armv7e-m/softfp/libg.a(lib_a-exit.o)
 .debug_line    0x00000000      0x142 /usr/lib/gcc/arm-none-eabi/4.8.2/../../../arm-none-eabi/lib/armv7e-m/softfp/libg.a(lib_a-exit.o)
 .debug_str     0x00000000      0x5cd /usr/lib/gcc/arm-none-eabi/4.8.2/../../../arm-none-eabi/lib/armv7e-m/softfp/libg.a(lib_a-exit.o)
 .comment       0x00000000       0x20 /usr/lib/gcc/arm-none-eabi/4.8.2/../../../arm-none-eabi/lib/armv7e-m/softfp/libg.a(lib_a-exit.o)
 .ARM.attributes
                0x00000000       0x32 /usr/lib/gcc/arm-none-eabi/4.8.2/../../../arm-none-eabi/lib/armv7e-m/softfp/libg.a(lib_a-exit.o)
 .debug_frame   0x00000000       0x28 /usr/lib/gcc/arm-none-eabi/4.8.2/../../../arm-none-eabi/lib/armv7e-m/softfp/libg.a(lib_a-exit.o)
 .text          0x00000000        0x0 /usr/lib/gcc/arm-none-eabi/4.8.2/../../../arm-none-eabi/lib/armv7e-m/softfp/libg.a(lib_a-fini.o)
 .data          0x00000000        0x0 /usr/lib/gcc/arm-none-eabi/4.8.2/../../../arm-none-eabi/lib/armv7e-m/softfp/libg.a(lib_a-fini.o)
 .bss           0x00000000        0x0 /usr/lib/gcc/arm-none-eabi/4.8.2/../../../arm-none-eabi/lib/armv7e-m/softfp/libg.a(lib_a-fini.o)
 .text.__libc_fini_array
                0x00000000       0x34 /usr/lib/gcc/arm-none-eabi/4.8.2/../../../arm-none-eabi/lib/armv7e-m/softfp/libg.a(lib_a-fini.o)
 .debug_info    0x00000000       0xef /usr/lib/gcc/arm-none-eabi/4.8.2/../../../arm-none-eabi/lib/armv7e-m/softfp/libg.a(lib_a-fini.o)
 .debug_abbrev  0x00000000       0xbd /usr/lib/gcc/arm-none-eabi/4.8.2/../../../arm-none-eabi/lib/armv7e-m/softfp/libg.a(lib_a-fini.o)
 .debug_loc     0x00000000       0x5c /usr/lib/gcc/arm-none-eabi/4.8.2/../../../arm-none-eabi/lib/armv7e-m/softfp/libg.a(lib_a-fini.o)
 .debug_aranges
                0x00000000       0x20 /usr/lib/gcc/arm-none-eabi/4.8.2/../../../arm-none-eabi/lib/armv7e-m/softfp/libg.a(lib_a-fini.o)
 .debug_ranges  0x00000000       0x10 /usr/lib/gcc/arm-none-eabi/4.8.2/../../../arm-none-eabi/lib/armv7e-m/softfp/libg.a(lib_a-fini.o)
 .debug_line    0x00000000       0x9f /usr/lib/gcc/arm-none-eabi/4.8.2/../../../arm-none-eabi/lib/armv7e-m/softfp/libg.a(lib_a-fini.o)
 .debug_str     0x00000000      0x228 /usr/lib/gcc/arm-none-eabi/4.8.2/../../../arm-none-eabi/lib/armv7e-m/softfp/libg.a(lib_a-fini.o)
 .comment       0x00000000       0x20 /usr/lib/gcc/arm-none-eabi/4.8.2/../../../arm-none-eabi/lib/armv7e-m/softfp/libg.a(lib_a-fini.o)
 .ARM.attributes
                0x00000000       0x32 /usr/lib/gcc/arm-none-eabi/4.8.2/../../../arm-none-eabi/lib/armv7e-m/softfp/libg.a(lib_a-fini.o)
 .debug_frame   0x00000000       0x2c /usr/lib/gcc/arm-none-eabi/4.8.2/../../../arm-none-eabi/lib/armv7e-m/softfp/libg.a(lib_a-fini.o)
 .text          0x00000000        0x0 /usr/lib/gcc/arm-none-eabi/4.8.2/../../../arm-none-eabi/lib/armv7e-m/softfp/libg.a(lib_a-impure.o)
 .data          0x00000000        0x0 /usr/lib/gcc/arm-none-eabi/4.8.2/../../../arm-none-eabi/lib/armv7e-m/softfp/libg.a(lib_a-impure.o)
 .bss           0x00000000        0x0 /usr/lib/gcc/arm-none-eabi/4.8.2/../../../arm-none-eabi/lib/armv7e-m/softfp/libg.a(lib_a-impure.o)
 .data.impure_data
                0x00000000      0x428 /usr/lib/gcc/arm-none-eabi/4.8.2/../../../arm-none-eabi/lib/armv7e-m/softfp/libg.a(lib_a-impure.o)
 .data._impure_ptr
                0x00000000        0x4 /usr/lib/gcc/arm-none-eabi/4.8.2/../../../arm-none-eabi/lib/armv7e-m/softfp/libg.a(lib_a-impure.o)
 .rodata.str1.4
                0x00000000        0x4 /usr/lib/gcc/arm-none-eabi/4.8.2/../../../arm-none-eabi/lib/armv7e-m/softfp/libg.a(lib_a-impure.o)
 .rodata._global_impure_ptr
                0x00000000        0x4 /usr/lib/gcc/arm-none-eabi/4.8.2/../../../arm-none-eabi/lib/armv7e-m/softfp/libg.a(lib_a-impure.o)
 .debug_info    0x00000000      0x894 /usr/lib/gcc/arm-none-eabi/4.8.2/../../../arm-none-eabi/lib/armv7e-m/softfp/libg.a(lib_a-impure.o)
 .debug_abbrev  0x00000000      0x180 /usr/lib/gcc/arm-none-eabi/4.8.2/../../../arm-none-eabi/lib/armv7e-m/softfp/libg.a(lib_a-impure.o)
 .debug_aranges
                0x00000000       0x18 /usr/lib/gcc/arm-none-eabi/4.8.2/../../../arm-none-eabi/lib/armv7e-m/softfp/libg.a(lib_a-impure.o)
 .debug_line    0x00000000       0xd9 /usr/lib/gcc/arm-none-eabi/4.8.2/../../../arm-none-eabi/lib/armv7e-m/softfp/libg.a(lib_a-impure.o)
 .debug_str     0x00000000      0x5c4 /usr/lib/gcc/arm-none-eabi/4.8.2/../../../arm-none-eabi/lib/armv7e-m/softfp/libg.a(lib_a-impure.o)
 .comment       0x00000000       0x20 /usr/lib/gcc/arm-none-eabi/4.8.2/../../../arm-none-eabi/lib/armv7e-m/softfp/libg.a(lib_a-impure.o)
 .ARM.attributes
                0x00000000       0x32 /usr/lib/gcc/arm-none-eabi/4.8.2/../../../arm-none-eabi/lib/armv7e-m/softfp/libg.a(lib_a-impure.o)
 .text          0x00000000        0x0 /usr/lib/gcc/arm-none-eabi/4.8.2/../../../arm-none-eabi/lib/armv7e-m/softfp/libg.a(lib_a-init.o)
 .data          0x00000000        0x0 /usr/lib/gcc/arm-none-eabi/4.8.2/../../../arm-none-eabi/lib/armv7e-m/softfp/libg.a(lib_a-init.o)
 .bss           0x00000000        0x0 /usr/lib/gcc/arm-none-eabi/4.8.2/../../../arm-none-eabi/lib/armv7e-m/softfp/libg.a(lib_a-init.o)
 .text.__libc_init_array
                0x00000000       0x5c /usr/lib/gcc/arm-none-eabi/4.8.2/../../../arm-none-eabi/lib/armv7e-m/softfp/libg.a(lib_a-init.o)
 .debug_info    0x00000000      0x105 /usr/lib/gcc/arm-none-eabi/4.8.2/../../../arm-none-eabi/lib/armv7e-m/softfp/libg.a(lib_a-init.o)
 .debug_abbrev  0x00000000       0xba /usr/lib/gcc/arm-none-eabi/4.8.2/../../../arm-none-eabi/lib/armv7e-m/softfp/libg.a(lib_a-init.o)
 .debug_loc     0x00000000       0xae /usr/lib/gcc/arm-none-eabi/4.8.2/../../../arm-none-eabi/lib/armv7e-m/softfp/libg.a(lib_a-init.o)
 .debug_aranges
                0x00000000       0x20 /usr/lib/gcc/arm-none-eabi/4.8.2/../../../arm-none-eabi/lib/armv7e-m/softfp/libg.a(lib_a-init.o)
 .debug_ranges  0x00000000       0x10 /usr/lib/gcc/arm-none-eabi/4.8.2/../../../arm-none-eabi/lib/armv7e-m/softfp/libg.a(lib_a-init.o)
 .debug_line    0x00000000       0xb8 /usr/lib/gcc/arm-none-eabi/4.8.2/../../../arm-none-eabi/lib/armv7e-m/softfp/libg.a(lib_a-init.o)
 .debug_str     0x00000000      0x252 /usr/lib/gcc/arm-none-eabi/4.8.2/../../../arm-none-eabi/lib/armv7e-m/softfp/libg.a(lib_a-init.o)
 .comment       0x00000000       0x20 /usr/lib/gcc/arm-none-eabi/4.8.2/../../../arm-none-eabi/lib/armv7e-m/softfp/libg.a(lib_a-init.o)
 .ARM.attributes
                0x00000000       0x32 /usr/lib/gcc/arm-none-eabi/4.8.2/../../../arm-none-eabi/lib/armv7e-m/softfp/libg.a(lib_a-init.o)
 .debug_frame   0x00000000       0x2c /usr/lib/gcc/arm-none-eabi/4.8.2/../../../arm-none-eabi/lib/armv7e-m/softfp/libg.a(lib_a-init.o)
 .text          0x00000000        0x0 /usr/lib/gcc/arm-none-eabi/4.8.2/../../../arm-none-eabi/lib/armv7e-m/softfp/libg.a(lib_a-memset.o)
 .data          0x00000000        0x0 /usr/lib/gcc/arm-none-eabi/4.8.2/../../../arm-none-eabi/lib/armv7e-m/softfp/libg.a(lib_a-memset.o)
 .bss           0x00000000        0x0 /usr/lib/gcc/arm-none-eabi/4.8.2/../../../arm-none-eabi/lib/armv7e-m/softfp/libg.a(lib_a-memset.o)
 .text.memset   0x00000000       0x94 /usr/lib/gcc/arm-none-eabi/4.8.2/../../../arm-none-eabi/lib/armv7e-m/softfp/libg.a(lib_a-memset.o)
 .debug_info    0x00000000      0x117 /usr/lib/gcc/arm-none-eabi/4.8.2/../../../arm-none-eabi/lib/armv7e-m/softfp/libg.a(lib_a-memset.o)
 .debug_abbrev  0x00000000       0x9f /usr/lib/gcc/arm-none-eabi/4.8.2/../../../arm-none-eabi/lib/armv7e-m/softfp/libg.a(lib_a-memset.o)
 .debug_loc     0x00000000      0x18b /usr/lib/gcc/arm-none-eabi/4.8.2/../../../arm-none-eabi/lib/armv7e-m/softfp/libg.a(lib_a-memset.o)
 .debug_aranges
                0x00000000       0x20 /usr/lib/gcc/arm-none-eabi/4.8.2/../../../arm-none-eabi/lib/armv7e-m/softfp/libg.a(lib_a-memset.o)
 .debug_ranges  0x00000000       0x10 /usr/lib/gcc/arm-none-eabi/4.8.2/../../../arm-none-eabi/lib/armv7e-m/softfp/libg.a(lib_a-memset.o)
 .debug_line    0x00000000      0x102 /usr/lib/gcc/arm-none-eabi/4.8.2/../../../arm-none-eabi/lib/armv7e-m/softfp/libg.a(lib_a-memset.o)
 .debug_str     0x00000000      0x207 /usr/lib/gcc/arm-none-eabi/4.8.2/../../../arm-none-eabi/lib/armv7e-m/softfp/libg.a(lib_a-memset.o)
 .comment       0x00000000       0x20 /usr/lib/gcc/arm-none-eabi/4.8.2/../../../arm-none-eabi/lib/armv7e-m/softfp/libg.a(lib_a-memset.o)
 .ARM.attributes
                0x00000000       0x32 /usr/lib/gcc/arm-none-eabi/4.8.2/../../../arm-none-eabi/lib/armv7e-m/softfp/libg.a(lib_a-memset.o)
 .debug_frame   0x00000000       0x2c /usr/lib/gcc/arm-none-eabi/4.8.2/../../../arm-none-eabi/lib/armv7e-m/softfp/libg.a(lib_a-memset.o)
 .text          0x00000000        0x0 /usr/lib/gcc/arm-none-eabi/4.8.2/../../../arm-none-eabi/lib/armv7e-m/softfp/libg.a(lib_a-__atexit.o)
 .data          0x00000000        0x0 /usr/lib/gcc/arm-none-eabi/4.8.2/../../../arm-none-eabi/lib/armv7e-m/softfp/libg.a(lib_a-__atexit.o)
 .bss           0x00000000        0x0 /usr/lib/gcc/arm-none-eabi/4.8.2/../../../arm-none-eabi/lib/armv7e-m/softfp/libg.a(lib_a-__atexit.o)
 .text.__register_exitproc
                0x00000000       0xac /usr/lib/gcc/arm-none-eabi/4.8.2/../../../arm-none-eabi/lib/armv7e-m/softfp/libg.a(lib_a-__atexit.o)
 .debug_info    0x00000000      0x934 /usr/lib/gcc/arm-none-eabi/4.8.2/../../../arm-none-eabi/lib/armv7e-m/softfp/libg.a(lib_a-__atexit.o)
 .debug_abbrev  0x00000000      0x20f /usr/lib/gcc/arm-none-eabi/4.8.2/../../../arm-none-eabi/lib/armv7e-m/softfp/libg.a(lib_a-__atexit.o)
 .debug_loc     0x00000000      0x14d /usr/lib/gcc/arm-none-eabi/4.8.2/../../../arm-none-eabi/lib/armv7e-m/softfp/libg.a(lib_a-__atexit.o)
 .debug_aranges
                0x00000000       0x20 /usr/lib/gcc/arm-none-eabi/4.8.2/../../../arm-none-eabi/lib/armv7e-m/softfp/libg.a(lib_a-__atexit.o)
 .debug_ranges  0x00000000       0x10 /usr/lib/gcc/arm-none-eabi/4.8.2/../../../arm-none-eabi/lib/armv7e-m/softfp/libg.a(lib_a-__atexit.o)
 .debug_line    0x00000000      0x163 /usr/lib/gcc/arm-none-eabi/4.8.2/../../../arm-none-eabi/lib/armv7e-m/softfp/libg.a(lib_a-__atexit.o)
 .debug_str     0x00000000      0x60c /usr/lib/gcc/arm-none-eabi/4.8.2/../../../arm-none-eabi/lib/armv7e-m/softfp/libg.a(lib_a-__atexit.o)
 .comment       0x00000000       0x20 /usr/lib/gcc/arm-none-eabi/4.8.2/../../../arm-none-eabi/lib/armv7e-m/softfp/libg.a(lib_a-__atexit.o)
 .ARM.attributes
                0x00000000       0x32 /usr/lib/gcc/arm-none-eabi/4.8.2/../../../arm-none-eabi/lib/armv7e-m/softfp/libg.a(lib_a-__atexit.o)
 .debug_frame   0x00000000       0x30 /usr/lib/gcc/arm-none-eabi/4.8.2/../../../arm-none-eabi/lib/armv7e-m/softfp/libg.a(lib_a-__atexit.o)
 .text          0x00000000        0x0 /usr/lib/gcc/arm-none-eabi/4.8.2/../../../arm-none-eabi/lib/armv7e-m/softfp/libg.a(lib_a-__call_atexit.o)
 .data          0x00000000        0x0 /usr/lib/gcc/arm-none-eabi/4.8.2/../../../arm-none-eabi/lib/armv7e-m/softfp/libg.a(lib_a-__call_atexit.o)
 .bss           0x00000000        0x0 /usr/lib/gcc/arm-none-eabi/4.8.2/../../../arm-none-eabi/lib/armv7e-m/softfp/libg.a(lib_a-__call_atexit.o)
 .text.startup.register_fini
                0x00000000       0x18 /usr/lib/gcc/arm-none-eabi/4.8.2/../../../arm-none-eabi/lib/armv7e-m/softfp/libg.a(lib_a-__call_atexit.o)
 .init_array.00000
                0x00000000        0x4 /usr/lib/gcc/arm-none-eabi/4.8.2/../../../arm-none-eabi/lib/armv7e-m/softfp/libg.a(lib_a-__call_atexit.o)
 .text.__call_exitprocs
                0x00000000       0xf8 /usr/lib/gcc/arm-none-eabi/4.8.2/../../../arm-none-eabi/lib/armv7e-m/softfp/libg.a(lib_a-__call_atexit.o)
 .debug_info    0x00000000      0x9aa /usr/lib/gcc/arm-none-eabi/4.8.2/../../../arm-none-eabi/lib/armv7e-m/softfp/libg.a(lib_a-__call_atexit.o)
 .debug_abbrev  0x00000000      0x285 /usr/lib/gcc/arm-none-eabi/4.8.2/../../../arm-none-eabi/lib/armv7e-m/softfp/libg.a(lib_a-__call_atexit.o)
 .debug_loc     0x00000000      0x155 /usr/lib/gcc/arm-none-eabi/4.8.2/../../../arm-none-eabi/lib/armv7e-m/softfp/libg.a(lib_a-__call_atexit.o)
 .debug_aranges
                0x00000000       0x28 /usr/lib/gcc/arm-none-eabi/4.8.2/../../../arm-none-eabi/lib/armv7e-m/softfp/libg.a(lib_a-__call_atexit.o)
 .debug_ranges  0x00000000       0x38 /usr/lib/gcc/arm-none-eabi/4.8.2/../../../arm-none-eabi/lib/armv7e-m/softfp/libg.a(lib_a-__call_atexit.o)
 .debug_line    0x00000000      0x19e /usr/lib/gcc/arm-none-eabi/4.8.2/../../../arm-none-eabi/lib/armv7e-m/softfp/libg.a(lib_a-__call_atexit.o)
 .debug_str     0x00000000      0x624 /usr/lib/gcc/arm-none-eabi/4.8.2/../../../arm-none-eabi/lib/armv7e-m/softfp/libg.a(lib_a-__call_atexit.o)
 .comment       0x00000000       0x20 /usr/lib/gcc/arm-none-eabi/4.8.2/../../../arm-none-eabi/lib/armv7e-m/softfp/libg.a(lib_a-__call_atexit.o)
 .ARM.attributes
                0x00000000       0x32 /usr/lib/gcc/arm-none-eabi/4.8.2/../../../arm-none-eabi/lib/armv7e-m/softfp/libg.a(lib_a-__call_atexit.o)
 .debug_frame   0x00000000       0x48 /usr/lib/gcc/arm-none-eabi/4.8.2/../../../arm-none-eabi/lib/armv7e-m/softfp/libg.a(lib_a-__call_atexit.o)
 .text          0x00000000        0x0 /usr/lib/gcc/arm-none-eabi/4.8.2/armv7e-m/softfp/crtend.o
 .data          0x00000000        0x0 /usr/lib/gcc/arm-none-eabi/4.8.2/armv7e-m/softfp/crtend.o
 .bss           0x00000000        0x0 /usr/lib/gcc/arm-none-eabi/4.8.2/armv7e-m/softfp/crtend.o
 .eh_frame      0x00000000        0x4 /usr/lib/gcc/arm-none-eabi/4.8.2/armv7e-m/softfp/crtend.o
 .jcr           0x00000000        0x4 /usr/lib/gcc/arm-none-eabi/4.8.2/armv7e-m/softfp/crtend.o
 .tm_clone_table
                0x00000000        0x0 /usr/lib/gcc/arm-none-eabi/4.8.2/armv7e-m/softfp/crtend.o
 .comment       0x00000000       0x20 /usr/lib/gcc/arm-none-eabi/4.8.2/armv7e-m/softfp/crtend.o
 .ARM.attributes
                0x00000000       0x32 /usr/lib/gcc/arm-none-eabi/4.8.2/armv7e-m/softfp/crtend.o
 .text          0x00000000        0x0 /usr/lib/gcc/arm-none-eabi/4.8.2/armv7e-m/softfp/crtn.o
 .data          0x00000000        0x0 /usr/lib/gcc/arm-none-eabi/4.8.2/armv7e-m/softfp/crtn.o
 .bss           0x00000000        0x0 /usr/lib/gcc/arm-none-eabi/4.8.2/armv7e-m/softfp/crtn.o
 .init          0x00000000        0x8 /usr/lib/gcc/arm-none-eabi/4.8.2/armv7e-m/softfp/crtn.o
 .fini          0x00000000        0x8 /usr/lib/gcc/arm-none-eabi/4.8.2/armv7e-m/softfp/crtn.o
 .ARM.attributes
                0x00000000       0x22 /usr/lib/gcc/arm-none-eabi/4.8.2/armv7e-m/softfp/crtn.o

Memory Configuration

Name             Origin             Length             Attributes
FLASH            0x00000000         0x00040000         xr
SRAM             0x20000000         0x00008000         xrw
*default*        0x00000000         0xffffffff

Linker script and memory map

LOAD /usr/lib/gcc/arm-none-eabi/4.8.2/armv7e-m/softfp/crti.o
LOAD /usr/lib/gcc/arm-none-eabi/4.8.2/armv7e-m/softfp/crtbegin.o
LOAD /usr/lib/gcc/arm-none-eabi/4.8.2/../../../arm-none-eabi/lib/armv7e-m/softfp/crt0.o
LOAD ./src/main1.o
LOAD ./src/startup_gcc.o
LOAD ./SW-TM4C-2.1.2.111/utils/uartstdio.o
LOAD /home/user/workspace/7SEG2/SW-TM4C-2.1.2.111/driverlib/gcc/libdriver.a
START GROUP
LOAD /usr/lib/gcc/arm-none-eabi/4.8.2/armv7e-m/softfp/libgcc.a
LOAD /usr/lib/gcc/arm-none-eabi/4.8.2/../../../arm-none-eabi/lib/armv7e-m/softfp/libg.a
LOAD /usr/lib/gcc/arm-none-eabi/4.8.2/../../../arm-none-eabi/lib/armv7e-m/softfp/libc.a
END GROUP
LOAD /usr/lib/gcc/arm-none-eabi/4.8.2/armv7e-m/softfp/crtend.o
LOAD /usr/lib/gcc/arm-none-eabi/4.8.2/armv7e-m/softfp/crtn.o

.text           0x00000000      0xd70
                0x00000000                _text = .
 *(.isr_vector)
 .isr_vector    0x00000000      0x26c ./src/startup_gcc.o
                0x00000000                g_pfnVectors
 *(.text*)
 .text.enable_interrupts
                0x0000026c       0x10 ./src/main1.o
 .text.wait_for_interrupt
                0x0000027c       0x10 ./src/main1.o
 .text.init_adc
                0x0000028c       0x74 ./src/main1.o
                0x0000028c                init_adc
 .text.init_port_B
                0x00000300       0x7c ./src/main1.o
                0x00000300                init_port_B
 .text.init_port_A
                0x0000037c       0x7c ./src/main1.o
                0x0000037c                init_port_A
 .text.init_PortE
                0x000003f8       0x7c ./src/main1.o
                0x000003f8                init_PortE
 .text.init_timer_0A
                0x00000474       0x54 ./src/main1.o
                0x00000474                init_timer_0A
 .text.init_timer_1A
                0x000004c8       0x5c ./src/main1.o
                0x000004c8                init_timer_1A
 .text.ekran_guncelleme_timer
                0x00000524      0x158 ./src/main1.o
                0x00000524                ekran_guncelleme_timer
 .text.adc_okuma
                0x0000067c       0x74 ./src/main1.o
                0x0000067c                adc_okuma
 .text.main     0x000006f0       0x50 ./src/main1.o
                0x000006f0                main
 .text.ResetISR
                0x00000740       0x78 ./src/startup_gcc.o
                0x00000740                ResetISR
 .text.NmiSR    0x000007b8        0x8 ./src/startup_gcc.o
 .text.FaultISR
                0x000007c0        0x8 ./src/startup_gcc.o
 .text.IntDefaultHandler
                0x000007c8        0x8 ./src/startup_gcc.o
 .text.ADCIntStatus
                0x000007d0       0x36 /home/user/workspace/7SEG2/SW-TM4C-2.1.2.111/driverlib/gcc/libdriver.a(adc.o)
                0x000007d0                ADCIntStatus
 .text.ADCIntClear
                0x00000806        0x8 /home/user/workspace/7SEG2/SW-TM4C-2.1.2.111/driverlib/gcc/libdriver.a(adc.o)
                0x00000806                ADCIntClear
 .text.ADCSequenceEnable
                0x0000080e        0xe /home/user/workspace/7SEG2/SW-TM4C-2.1.2.111/driverlib/gcc/libdriver.a(adc.o)
                0x0000080e                ADCSequenceEnable
 .text.ADCSequenceDisable
                0x0000081c        0xe /home/user/workspace/7SEG2/SW-TM4C-2.1.2.111/driverlib/gcc/libdriver.a(adc.o)
                0x0000081c                ADCSequenceDisable
 .text.ADCSequenceConfigure
                0x0000082a       0x48 /home/user/workspace/7SEG2/SW-TM4C-2.1.2.111/driverlib/gcc/libdriver.a(adc.o)
                0x0000082a                ADCSequenceConfigure
 .text.ADCSequenceStepConfigure
                0x00000872       0x8c /home/user/workspace/7SEG2/SW-TM4C-2.1.2.111/driverlib/gcc/libdriver.a(adc.o)
                0x00000872                ADCSequenceStepConfigure
 .text.ADCSequenceDataGet
                0x000008fe       0x20 /home/user/workspace/7SEG2/SW-TM4C-2.1.2.111/driverlib/gcc/libdriver.a(adc.o)
                0x000008fe                ADCSequenceDataGet
 .text.ADCProcessorTrigger
                0x0000091e       0x1a /home/user/workspace/7SEG2/SW-TM4C-2.1.2.111/driverlib/gcc/libdriver.a(adc.o)
                0x0000091e                ADCProcessorTrigger
 .text.ADCHardwareOversampleConfigure
                0x00000938       0x12 /home/user/workspace/7SEG2/SW-TM4C-2.1.2.111/driverlib/gcc/libdriver.a(adc.o)
                0x00000938                ADCHardwareOversampleConfigure
 *fill*         0x0000094a        0x2 
 .text.IntEnable
                0x0000094c       0x60 /home/user/workspace/7SEG2/SW-TM4C-2.1.2.111/driverlib/gcc/libdriver.a(interrupt.o)
                0x0000094c                IntEnable
 .text.SysCtlPeripheralEnable
                0x000009ac       0x30 /home/user/workspace/7SEG2/SW-TM4C-2.1.2.111/driverlib/gcc/libdriver.a(sysctl.o)
                0x000009ac                SysCtlPeripheralEnable
 .text.SysCtlDelay
                0x000009dc        0x6 /home/user/workspace/7SEG2/SW-TM4C-2.1.2.111/driverlib/gcc/libdriver.a(sysctl.o)
                0x000009dc                SysCtlDelay
 *fill*         0x000009e2        0x2 
 .text.SysCtlClockSet
                0x000009e4      0x128 /home/user/workspace/7SEG2/SW-TM4C-2.1.2.111/driverlib/gcc/libdriver.a(sysctl.o)
                0x000009e4                SysCtlClockSet
 .text.SysCtlClockGet
                0x00000b0c      0x14c /home/user/workspace/7SEG2/SW-TM4C-2.1.2.111/driverlib/gcc/libdriver.a(sysctl.o)
                0x00000b0c                SysCtlClockGet
 .text.TimerEnable
                0x00000c58       0x12 /home/user/workspace/7SEG2/SW-TM4C-2.1.2.111/driverlib/gcc/libdriver.a(timer.o)
                0x00000c58                TimerEnable
 *fill*         0x00000c6a        0x2 
 .text.TimerConfigure
                0x00000c6c       0x64 /home/user/workspace/7SEG2/SW-TM4C-2.1.2.111/driverlib/gcc/libdriver.a(timer.o)
                0x00000c6c                TimerConfigure
 .text.TimerLoadSet
                0x00000cd0       0x12 /home/user/workspace/7SEG2/SW-TM4C-2.1.2.111/driverlib/gcc/libdriver.a(timer.o)
                0x00000cd0                TimerLoadSet
 .text.TimerIntEnable
                0x00000ce2        0x8 /home/user/workspace/7SEG2/SW-TM4C-2.1.2.111/driverlib/gcc/libdriver.a(timer.o)
                0x00000ce2                TimerIntEnable
 .text.TimerIntClear
                0x00000cea        0x4 /home/user/workspace/7SEG2/SW-TM4C-2.1.2.111/driverlib/gcc/libdriver.a(timer.o)
                0x00000cea                TimerIntClear
 *(.rodata*)
 *fill*         0x00000cee        0x2 
 .rodata.g_pui32EnRegs
                0x00000cf0       0x14 /home/user/workspace/7SEG2/SW-TM4C-2.1.2.111/driverlib/gcc/libdriver.a(interrupt.o)
 .rodata.g_pui32Xtals
                0x00000d04       0x6c /home/user/workspace/7SEG2/SW-TM4C-2.1.2.111/driverlib/gcc/libdriver.a(sysctl.o)
                0x00000d70                _etext = .

.glue_7         0x00000d70        0x0
 .glue_7        0x00000000        0x0 linker stubs

.glue_7t        0x00000d70        0x0
 .glue_7t       0x00000000        0x0 linker stubs

.vfp11_veneer   0x00000d70        0x0
 .vfp11_veneer  0x00000000        0x0 linker stubs

.v4_bx          0x00000d70        0x0
 .v4_bx         0x00000000        0x0 linker stubs

.iplt           0x00000d70        0x0
 .iplt          0x00000000        0x0 /usr/lib/gcc/arm-none-eabi/4.8.2/armv7e-m/softfp/crtbegin.o

.rel.dyn        0x00000d70        0x0
 .rel.iplt      0x00000000        0x0 /usr/lib/gcc/arm-none-eabi/4.8.2/armv7e-m/softfp/crtbegin.o

.data           0x20000000        0xc load address 0x00000d70
                0x20000000                _data = .
                0x00000d70                _ldata = LOADADDR (.data)
 *(vtable)
 *(.data*)
 .data.kodlar   0x20000000        0xc ./src/main1.o
                0x20000000                kodlar
                0x2000000c                _edata = .

.igot.plt       0x2000000c        0x0 load address 0x00000d7c
 .igot.plt      0x00000000        0x0 /usr/lib/gcc/arm-none-eabi/4.8.2/armv7e-m/softfp/crtbegin.o

.bss            0x2000000c      0x20c load address 0x00000d7c
                0x2000000c                _bss = .
 *(.bss*)
 .bss.derece    0x2000000c        0x4 ./src/main1.o
                0x2000000c                derece
 .bss.ekran_guncelle_sayac
                0x20000010        0x4 ./src/main1.o
                0x20000010                ekran_guncelle_sayac
 .bss.pui32Stack
                0x20000014      0x200 ./src/startup_gcc.o
 *(COMMON)
 COMMON         0x20000214        0x4 ./src/main1.o
                0x20000214                ulADC0Value
                0x20000218                _ebss = .
OUTPUT(7SEG2.elf elf32-littlearm)

.debug_info     0x00000000      0x3f7
 .debug_info    0x00000000      0x28d ./src/main1.o
 .debug_info    0x0000028d      0x16a ./src/startup_gcc.o

.debug_abbrev   0x00000000      0x20d
 .debug_abbrev  0x00000000      0x149 ./src/main1.o
 .debug_abbrev  0x00000149       0xc4 ./src/startup_gcc.o

.debug_aranges  0x00000000       0xa8
 .debug_aranges
                0x00000000       0x70 ./src/main1.o
 .debug_aranges
                0x00000070       0x38 ./src/startup_gcc.o

.debug_ranges   0x00000000       0x88
 .debug_ranges  0x00000000       0x60 ./src/main1.o
 .debug_ranges  0x00000060       0x28 ./src/startup_gcc.o

.debug_macro    0x00000000     0xfd3c
 .debug_macro   0x00000000       0xb5 ./src/main1.o
 .debug_macro   0x000000b5      0x85c ./src/main1.o
 .debug_macro   0x00000911       0x16 ./src/main1.o
 .debug_macro   0x00000927       0x44 ./src/main1.o
 .debug_macro   0x0000096b      0x209 ./src/main1.o
 .debug_macro   0x00000b74       0x22 ./src/main1.o
 .debug_macro   0x00000b96     0xb522 ./src/main1.o
 .debug_macro   0x0000c0b8       0x67 ./src/main1.o
 .debug_macro   0x0000c11f      0x101 ./src/main1.o
 .debug_macro   0x0000c220      0xa88 ./src/main1.o
 .debug_macro   0x0000cca8      0x17a ./src/main1.o
 .debug_macro   0x0000ce22       0x58 ./src/main1.o
 .debug_macro   0x0000ce7a      0x25e ./src/main1.o
 .debug_macro   0x0000d0d8     0x12f2 ./src/main1.o
 .debug_macro   0x0000e3ca      0x312 ./src/main1.o
 .debug_macro   0x0000e6dc      0x2ca ./src/main1.o
 .debug_macro   0x0000e9a6       0x54 ./src/startup_gcc.o
 .debug_macro   0x0000e9fa     0x1342 ./src/startup_gcc.o

.debug_line     0x00000000      0x499
 .debug_line    0x00000000      0x30e ./src/main1.o
 .debug_line    0x0000030e      0x18b ./src/startup_gcc.o

.debug_str      0x00000000    0x44133
 .debug_str     0x00000000    0x43240 ./src/main1.o
                              0x433c4 (size before relaxing)
 .debug_str     0x00043240      0xef3 ./src/startup_gcc.o
                               0x826d (size before relaxing)

.comment        0x00000000       0x4a
 .comment       0x00000000       0x1f ./src/main1.o
                                 0x20 (size before relaxing)
 .comment       0x00000000       0x20 ./src/startup_gcc.o
 .comment       0x0000001f       0x2b /home/user/workspace/7SEG2/SW-TM4C-2.1.2.111/driverlib/gcc/libdriver.a(adc.o)
                                 0x2c (size before relaxing)
 .comment       0x00000000       0x2c /home/user/workspace/7SEG2/SW-TM4C-2.1.2.111/driverlib/gcc/libdriver.a(interrupt.o)
 .comment       0x00000000       0x2c /home/user/workspace/7SEG2/SW-TM4C-2.1.2.111/driverlib/gcc/libdriver.a(sysctl.o)
 .comment       0x00000000       0x2c /home/user/workspace/7SEG2/SW-TM4C-2.1.2.111/driverlib/gcc/libdriver.a(timer.o)

.ARM.attributes
                0x00000000       0x30
 .ARM.attributes
                0x00000000       0x37 ./src/main1.o
 .ARM.attributes
                0x00000037       0x37 ./src/startup_gcc.o
 .ARM.attributes
                0x0000006e       0x37 /home/user/workspace/7SEG2/SW-TM4C-2.1.2.111/driverlib/gcc/libdriver.a(adc.o)
 .ARM.attributes
                0x000000a5       0x37 /home/user/workspace/7SEG2/SW-TM4C-2.1.2.111/driverlib/gcc/libdriver.a(interrupt.o)
 .ARM.attributes
                0x000000dc       0x37 /home/user/workspace/7SEG2/SW-TM4C-2.1.2.111/driverlib/gcc/libdriver.a(sysctl.o)
 .ARM.attributes
                0x00000113       0x37 /home/user/workspace/7SEG2/SW-TM4C-2.1.2.111/driverlib/gcc/libdriver.a(timer.o)

.debug_frame    0x00000000      0x1c0
 .debug_frame   0x00000000      0x148 ./src/main1.o
 .debug_frame   0x00000148       0x78 ./src/startup_gcc.o
